<html>
  <head>
    <meta charset="utf-8">
    <script type="text/javascript" src="https://cdn.jsdelivr.net/npm/echarts@5.2.2/dist/echarts.min.js"></script>
  </head>
  <body>
    <div id="main" style="width: 800px;height:600px;background: white"></div>
    <script type="text/javascript">                    var myChart = echarts.init(document.getElementById('main'));
                    var option = {
    "series": [
        {
            "type": "line",
            "showSymbol": false,
            "label": {
                "show": true,
                "position": [
                    "10%",
                    "10%"
                ],
                "rotate": -90,
                "formatter": "{b}",
                "color": "blue",
                "borderColor": "#CCC",
                "borderWidth": 0.5
            }
        }
    ]
};
                    myChart.setOption(option);</script>
  </body>
</html>
