    "series": [
        {
            "type": "line",
            "showSymbol": false,
            "label": {
                "show": true,
                "position": [
                    "10%",
                    "10%"
                ],
                "rotate": -90,
                "formatter": "{b}",
                "color": "blue",
                "borderColor": "#CCC",
                "borderWidth": 0.5
            }
        }
    ]