{"output_type":"lets_plot_spec","output":{"mapping":{},"data":{},"kind":"plot","scales":[{"aesthetic":"color","values":["#ee6666","#9a60b4","#5470c6"],"limits":["A","B","C"]}],"layers":[{"mapping":{"intercept":"intercept","color":"color"},"stat":"identity","data":{"color":["A","A","B","B","C"],"intercept":[0.1,0.2,0.3,0.4,0.5]},"size":2.5,"sampling":"none","alpha":0.7,"position":"identity","geom":"abline","slope":0.5}]},"apply_color_scheme":true,"swing_enabled":true}