{"output_type":"lets_plot_spec","output":{"mapping":{},"coord":{"name":"cartesian","xlim":[null,null],"flip":false,"ylim":[null,null]},"data":{},"kind":"plot","scales":[{"aesthetic":"x","discrete":true,"name":"months"},{"aesthetic":"y","name":"sales","limits":[100.0,500.0]}],"layers":[{"mapping":{"x":"x","y":"y"},"stat":"identity","data":{"x":["January","February","March","April","May"],"y":[200.0,150.0,300.0,250.0,420.0]},"color":"#000000","size":1.5,"sampling":"none","alpha":0.5,"position":"identity","geom":"area","fill":"#5470c6"}]},"apply_color_scheme":true,"swing_enabled":true}