{"output_type":"lets_plot_spec","output":{"mapping":{},"coord":{"name":"cartesian","xlim":[null,null],"flip":false,"ylim":[null,null]},"data":{},"kind":"plot","scales":[{"aesthetic":"x","discrete":true},{"aesthetic":"y","breaks":[0.0,0.5,1.0,1.5,2.0,2.5,3.0,3.5,4.0,4.5,5.0,5.5,6.0,6.5,7.0,7.5,8.0],"limits":[null,null]},{"aesthetic":"fill","discrete":true}],"layers":[{"mapping":{"x":"x","y":"y","fill":"fill"},"stat":"identity","data":{"x":["Apple","Banana","Cherry","Orange","Strawberry"],"y":[5.0,7.5,3.0,4.5,6.0],"fill":["a","b","b","c","a"]},"color":"#000000","size":2.5,"linetype":"dashed","sampling":"none","alpha":0.7,"width":0.4,"position":"dodge","geom":"bar"}]},"apply_color_scheme":true,"swing_enabled":true}