{"output_type":"lets_plot_spec","output":{"mapping":{},"data":{},"kind":"plot","scales":[{"aesthetic":"y","discrete":true},{"aesthetic":"x","breaks":[0.0,0.5,1.0,1.5,2.0,2.5,3.0,3.5,4.0,4.5,5.0,5.5,6.0,6.5,7.0,7.5,8.0],"limits":[null,null]},{"aesthetic":"fill","discrete":true}],"layers":[{"mapping":{"y":"y","x":"x","fill":"fill"},"stat":"identity","orientation":"y","data":{"x":[5.0,7.5,3.0,4.5,6.0],"y":["Apple","Banana","Cherry","Orange","Strawberry"],"fill":["a","b","b","c","a"]},"color":"#000000","linetype":"dashed","sampling":"none","inherit_aes":false,"geom":"bar","data_meta":{"series_annotations":[{"type":"str","column":"y"},{"type":"float","column":"x"},{"type":"str","column":"fill"}]},"size":2.5,"alpha":0.7,"width":0.4,"position":"dodge"}]},"apply_color_scheme":true,"swing_enabled":true}