{"output_type":"lets_plot_spec","output":{"mapping":{},"coord":{"name":"cartesian","flip":false,"ylim":[0.0,60.0]},"data":{},"kind":"plot","scales":[{"aesthetic":"y","limits":[null,null]},{"aesthetic":"x","discrete":true}],"layers":[{"mapping":{"x":"x","ymin":"ymin","lower":"lower","middle":"middle","upper":"upper","ymax":"ymax"},"stat":"identity","data":{"ymin":[10.0,20.0,5.0,12.0],"middle":[30.0,40.0,20.0,35.0],"ymax":[50.0,55.0,40.0,48.0],"lower":[20.0,30.0,12.0,22.0],"upper":[40.0,50.0,35.0,45.0],"x":["A","B","C","D"]},"size":0.5,"sampling":"none","width":0.5,"inherit_aes":false,"position":"dodge","geom":"boxplot","fill":"#5470c6","data_meta":{"series_annotations":[{"type":"str","column":"x"},{"type":"int","column":"ymin"},{"type":"int","column":"lower"},{"type":"int","column":"middle"},{"type":"int","column":"upper"},{"type":"int","column":"ymax"}]},"fatten":0.8}]},"apply_color_scheme":true,"swing_enabled":true}