{"output_type":"lets_plot_spec","output":{"mapping":{},"coord":{"name":"flip","xlim":[null,null],"flip":true,"ylim":[null,null]},"data":{},"kind":"plot","scales":[{"aesthetic":"x","discrete":true},{"aesthetic":"y","limits":[null,null]}],"layers":[{"mapping":{"x":"x","y":"y"},"stat":"identity","data":{"x":["a","b","c"],"y":[4.0,3.0,5.0]},"sampling":"none","position":"dodge","geom":"bar"}]},"apply_color_scheme":true,"swing_enabled":true}