{"output_type":"lets_plot_spec","output":{"mapping":{},"coord":{"name":"cartesian","flip":false,"ylim":[0.0,55.0]},"data":{},"kind":"plot","scales":[{"aesthetic":"y","limits":[null,null]},{"aesthetic":"x","discrete":true},{"aesthetic":"y","limits":[null,null]},{"aesthetic":"fill","values":["#ee6666","#3ba272","#5470c6","#fac858"],"limits":["red","green","blue","yellow"]}],"layers":[{"mapping":{"x":"x","y":"y","ymin":"ymin","ymax":"ymax","fill":"fill"},"stat":"identity","data":{"ymin":[10.0,15.0,5.0,20.0],"ymax":[40.0,35.0,30.0,50.0],"x":["A","B","C","D"],"y":[25.0,30.0,22.0,35.0],"fill":["red","green","blue","yellow"]},"color":"#000000","size":1.5,"linetype":"solid","sampling":"none","width":0.6,"position":"dodge","geom":"crossbar","fatten":1.2}]},"apply_color_scheme":true,"swing_enabled":true}