{"output_type":"lets_plot_spec","output":{"mapping":{},"coord":{"name":"cartesian","flip":false,"ylim":[0.0,100.0]},"data":{},"kind":"plot","scales":[{"aesthetic":"y","limits":[null,null]},{"aesthetic":"x","discrete":true},{"aesthetic":"color","discrete":true}],"layers":[{"mapping":{"x":"x","ymin":"ymin","ymax":"ymax","color":"color"},"stat":"identity","data":{"ymin":[48.0,33.0,20.0,22.0],"ymax":[75.0,88.0,60.0,68.0],"color":["A","B","A","B"],"x":["Group A","Group B","Group C","Group D"]},"size":1.0,"linetype":"solid","sampling":"none","alpha":0.8,"width":0.2,"position":"dodge","geom":"errorbar"}]},"apply_color_scheme":true,"swing_enabled":true}