{"output_type":"lets_plot_spec","output":{"mapping":{},"coord":{"name":"cartesian","xlim":[0.0,100.0],"flip":false},"data":{},"kind":"plot","scales":[{"aesthetic":"x","limits":[null,null]}],"layers":[{"mapping":{},"stat":"identity","yintercept":50.0,"color":"#ee6666","size":2.0,"linetype":"dashed","sampling":"none","alpha":0.5,"inherit_aes":false,"position":"identity","geom":"hline"}]},"apply_color_scheme":true,"swing_enabled":true}