{"output_type":"lets_plot_spec","output":{"ggtitle":{"text":"Main Title","subtitle":"Subtitle"},"mapping":{},"coord":{"name":"cartesian","xlim":[null,null],"flip":false,"ylim":[null,null]},"data":{},"kind":"plot","scales":[{"aesthetic":"y","limits":[null,null]},{"aesthetic":"x","limits":[null,null]},{"aesthetic":"x","name":"X-Axis"},{"aesthetic":"y","name":"Y-Axis"}],"layers":[{"mapping":{"x":"x"},"stat":"identity","data":{"x":[1.0,2.0,3.0]},"sampling":"none","y":5.0,"position":"identity","geom":"line"}],"theme":{"name":"grey","axis_ontop":false,"axis_ontop_y":false,"axis_ontop_x":false}},"apply_color_scheme":true,"swing_enabled":true}