{"output_type":"lets_plot_spec","output":{"mapping":{},"coord":{"name":"cartesian","xlim":[null,null],"flip":false,"ylim":[null,null]},"data":{"months":["Jan","Feb","Mar","Apr","May","Jun","Jul","Aug","Sep","Oct","Nov","Dec"],"sales":[120.0,150.0,170.0,210.0,240.0,220.0,230.0,210.0,200.0,230.0,250.0,280.0]},"kind":"plot","scales":[{"aesthetic":"x","discrete":true},{"aesthetic":"y","limits":[100.0,300.0]}],"layers":[{"mapping":{"x":"months","y":"sales"},"stat":"identity","size":2.5,"color":"#ee6666","linetype":"solid","sampling":"none","alpha":0.8,"position":"identity","geom":"line"}]},"apply_color_scheme":true,"swing_enabled":true}