{"output_type":"lets_plot_spec","output":{"mapping":{},"data":{},"kind":"plot","scales":[{"aesthetic":"x","discrete":true}],"layers":[{"mapping":{"x":"x","ymin":"ymin","ymax":"ymax"},"stat":"identity","data":{"ymin":[10.0,12.0,8.0,14.0,9.0],"ymax":[20.0,22.0,18.0,24.0,19.0],"x":["Jan","Feb","Mar","Apr","May"]},"color":"#a39999","size":2.0,"linetype":"dashed","sampling":"none","alpha":0.7,"position":"dodge","geom":"linerange"}]},"apply_color_scheme":true,"swing_enabled":true}