{"output_type":"lets_plot_spec","output":{"mapping":{},"data":{},"kind":"plot","scales":[{"aesthetic":"x","discrete":true},{"aesthetic":"y","limits":[null,null]}],"layers":[{"mapping":{"x":"x","y":"y"},"stat":"identity","data":{"x":["01:00","02:00","03:00","04:00","05:00"],"y":[14.0,16.0,15.0,17.0,18.0]},"size":2.0,"linetype":"dotdash","sampling":"none","alpha":0.6,"inherit_aes":false,"position":"identity","geom":"path","data_meta":{"series_annotations":[{"type":"str","column":"x"},{"type":"int","column":"y"}]}}]},"apply_color_scheme":true,"swing_enabled":true}