{"output_type":"lets_plot_spec","output":{"mapping":{},"data":{},"kind":"plot","scales":[{"aesthetic":"x","discrete":true},{"aesthetic":"y","limits":[null,null]}],"layers":[{"mapping":{"x":"months","y":"avgTemperatures","ymin":"minTemperatures","ymax":"maxTemperatures"},"stat":"identity","data":{"months":["Jan","Feb","Mar","Apr","May","Jun"],"maxTemperatures":[10.0,12.0,16.0,20.0,26.0,30.0],"minTemperatures":[-1.0,1.0,3.0,7.0,13.0,18.0],"avgTemperatures":[5.0,7.0,10.0,15.0,20.0,25.0]},"size":5.0,"shape":18.0,"color":"#5470c6","linetype":"longdash","sampling":"none","alpha":0.6,"position":"dodge","geom":"pointrange","fill":"#ee6666"}]},"apply_color_scheme":true,"swing_enabled":true}