{"output_type":"lets_plot_spec","output":{"mapping":{},"data":{},"kind":"plot","scales":[{"aesthetic":"x","discrete":true},{"aesthetic":"y","limits":[null,null]},{"aesthetic":"size","limits":[null,null]}],"layers":[{"mapping":{"x":"x","y":"y","size":"size"},"stat":"identity","data":{"size":[80.0,120.0,150.0,200.0,180.0,160.0],"x":["Jan","Feb","Mar","Apr","May","Jun"],"y":[10000.0,15000.0,18000.0,25000.0,22000.0,20000.0]},"color":"#5470c6","sampling":"none","alpha":0.7,"position":"identity","geom":"point","fill":"#3ba272"}]},"apply_color_scheme":true,"swing_enabled":true}