{"output_type":"lets_plot_spec","output":{"mapping":{},"coord":{"name":"cartesian","xlim":[null,null],"flip":false,"ylim":[null,null]},"data":{"temp":[-5.0,-3.0,0.0,5.0,10.0,-7.0,-5.0,-1.0,4.0,9.0,-10.0,-8.0,-5.0,2.0,7.0,-8.0,-6.0,-3.0,3.0,8.0],"month":["January","February","March","April","May","January","February","March","April","May","January","February","March","April","May","January","February","March","April","May"],"city":["London","Berlin","Saint-Petersburg","Yerevan","London","Berlin","Saint-Petersburg","Yerevan","London","Berlin","Saint-Petersburg","Yerevan","London","Berlin","Saint-Petersburg","Yerevan","London","Berlin","Saint-Petersburg","Yerevan"]},"kind":"plot","scales":[{"aesthetic":"x","discrete":true},{"aesthetic":"y","discrete":true},{"aesthetic":"fill","scale_mapper_kind":"color_gradient","limits":[null,null]}],"layers":[{"mapping":{"x":"month","y":"city","fill":"temp"},"stat":"identity","color":"#000000","size":0.5,"sampling":"none","alpha":0.8,"position":"identity","geom":"raster"}]},"apply_color_scheme":true,"swing_enabled":true}