{"output_type":"lets_plot_spec","output":{"mapping":{},"data":{},"kind":"plot","scales":[{"aesthetic":"fill","discrete":true}],"layers":[{"mapping":{"xmin":"startTime","xmax":"endTime","ymin":"startCnt","ymax":"endCnt","fill":"event"},"stat":"identity","data":{"endCnt":[5.3,2.4,4.3],"startTime":[1.0,2.0,3.0],"endTime":[2.0,3.5,4.0],"startCnt":[5.1,2.3,3.7],"event":["Event A","Event B","Event C"]},"color":"#a39999","size":1.0,"sampling":"none","alpha":0.7,"inherit_aes":false,"position":"identity","geom":"rect","data_meta":{"series_annotations":[{"type":"int","column":"startTime"},{"type":"int","column":"endTime"},{"type":"float","column":"startCnt"},{"type":"float","column":"endCnt"},{"type":"str","column":"event"}]}}]},"apply_color_scheme":true,"swing_enabled":true}