{"output_type":"lets_plot_spec","output":{"mapping":{},"data":{},"kind":"plot","scales":[{"aesthetic":"x","limits":[1999.0,2005.0]}],"layers":[{"mapping":{"x":"year","ymin":"level","ymax":"level*"},"stat":"identity","data":{"year":[2000.0,2001.0,2002.0,2003.0,2004.0],"level":[1.0,2.5,5.0,3.3,4.1],"level*":[3.0,4.5,7.0,5.3,6.1]},"color":"#ee6666","size":1.0,"sampling":"none","alpha":0.5,"position":"identity","geom":"ribbon"}]},"apply_color_scheme":true,"swing_enabled":true}