{"output_type":"lets_plot_spec","output":{"mapping":{},"coord":{"name":"cartesian","flip":false},"data":{},"kind":"plot","scales":[{"aesthetic":"color","discrete":true}],"layers":[{"mapping":{"x":"xS","xend":"xE","y":"yS","yend":"yE","color":"city"},"stat":"identity","data":{"city":["CityA","CityB","CityC","CityD","CityE"],"yS":[10.0,20.0,30.0,40.0,50.0],"xS":[1.0,2.0,3.0,4.0,5.0],"yE":[50.0,40.0,30.0,20.0,10.0],"xE":[4.0,5.0,6.0,7.0,8.0]},"size":2.5,"linetype":"dashed","sampling":"none","alpha":0.8,"position":"identity","geom":"segment"}]},"apply_color_scheme":true,"swing_enabled":true}