{"output_type":"lets_plot_spec","output":{"mapping":{},"data":{},"kind":"plot","scales":[{"aesthetic":"x","limits":[null,null]},{"aesthetic":"y","limits":[null,null]}],"layers":[{"mapping":{"x":"x","y":"y"},"stat":"identity","data":{"x":[1.0,2.0,3.0,4.0,5.0],"y":[3.0,5.0,2.0,8.0,3.0]},"color":"#ee6666","size":2.5,"linetype":"longdash","sampling":"none","alpha":0.7,"inherit_aes":false,"position":"identity","geom":"step","data_meta":{"series_annotations":[{"type":"int","column":"x"},{"type":"int","column":"y"}]}}]},"apply_color_scheme":true,"swing_enabled":true}