{"output_type":"lets_plot_spec","output":{"mapping":{},"data":{},"kind":"plot","scales":[{"aesthetic":"x","limits":[null,null]},{"aesthetic":"y","limits":[null,null]}],"layers":[{"mapping":{"x":"x","y":"y","label":"status"},"stat":"identity","data":{"x":[1.0,2.0,3.0,4.0,5.0],"y":[5.0,10.0,20.0,15.0,8.0],"status":["Low","Medium","High","Medium","Low"]},"size":12.0,"color":"#5470c6","sampling":"none","alpha":0.8,"inherit_aes":false,"position":"identity","geom":"text","data_meta":{"series_annotations":[{"type":"int","column":"x"},{"type":"int","column":"y"},{"type":"str","column":"status"}]},"fontface":"bold"}]},"apply_color_scheme":true,"swing_enabled":true}