{"output_type":"lets_plot_spec","output":{"mapping":{},"data":{},"kind":"plot","scales":[{"aesthetic":"x","limits":[null,null]},{"aesthetic":"y","limits":[null,null]},{"aesthetic":"fill","scale_mapper_kind":"color_gradient2","high":"#ee6666","low":"#ffffff","mid":"#5470c6","midpoint":0.5,"limits":[null,null]}],"layers":[{"mapping":{"x":"xCord","y":"yCord","fill":"value"},"stat":"identity","data":{"xCord":[1.0,1.0,2.0,2.0,3.0,3.0],"value":[5.0,10.0,15.0,20.0,25.0,30.0],"yCord":[1.0,2.0,1.0,2.0,1.0,2.0]},"color":"#000000","sampling":"none","inherit_aes":false,"geom":"tile","data_meta":{"series_annotations":[{"type":"int","column":"xCord"},{"type":"int","column":"yCord"},{"type":"int","column":"value"}]},"size":0.5,"alpha":0.8,"width":0.9,"position":"identity","height":0.9}]},"apply_color_scheme":true,"swing_enabled":true}