{"output_type":"lets_plot_spec","output":{"mapping":{},"coord":{"name":"cartesian","flip":false,"ylim":[0.0,30.0]},"data":{},"kind":"plot","scales":[{"aesthetic":"y","limits":[null,null]}],"layers":[{"mapping":{},"stat":"identity","color":"#3ba272","size":3.0,"linetype":"solid","sampling":"none","alpha":0.7,"inherit_aes":false,"position":"identity","xintercept":10.0,"geom":"vline"}]},"apply_color_scheme":true,"swing_enabled":true}